[    0.000000] Initializing cgroup subsys cpuset
[    0.000000] Initializing cgroup subsys cpu
[    0.000000] Initializing cgroup subsys cpuacct
[    0.000000] Linux version 4.4.0-87-generic (buildd@lcy01-31) (gcc version 5.4.0 20160609 (Ubuntu 5.4.0-6ubuntu1~16.04.4) ) #110-Ubuntu SMP Tue Jul 18 12:55:35 UTC 2017 (Ubuntu 4.4.0-87.110-generic 4.4.73)
[    0.000000] Command line: BOOT_IMAGE=/boot/vmlinuz-4.4.0-87-generic root=LABEL=cloudimg-rootfs ro console=tty1 console=ttyS0
[    0.000000] KERNEL supported cpus:
[    0.000000]   Intel GenuineIntel
[    0.000000]   AMD AuthenticAMD
[    0.000000]   Centaur CentaurHauls
[    0.000000] x86/fpu: xstate_offset[2]:  576, xstate_sizes[2]:  256
[    0.000000] x86/fpu: Supporting XSAVE feature 0x01: 'x87 floating point registers'
[    0.000000] x86/fpu: Supporting XSAVE feature 0x02: 'SSE registers'
[    0.000000] x86/fpu: Supporting XSAVE feature 0x04: 'AVX registers'
[    0.000000] x86/fpu: Enabled xstate features 0x7, context size is 832 bytes, using 'standard' format.
[    0.000000] x86/fpu: Using 'lazy' FPU context switches.
[    0.000000] e820: BIOS-provided physical RAM map:
[    0.000000] BIOS-e820: [mem 0x0000000000000000-0x000000000009fbff] usable
[    0.000000] BIOS-e820: [mem 0x000000000009fc00-0x000000000009ffff] reserved
[    0.000000] BIOS-e820: [mem 0x00000000000f0000-0x00000000000fffff] reserved
[    0.000000] BIOS-e820: [mem 0x0000000000100000-0x000000003ffeffff] usable
[    0.000000] BIOS-e820: [mem 0x000000003fff0000-0x000000003fffffff] ACPI data
[    0.000000] BIOS-e820: [mem 0x00000000fec00000-0x00000000fec00fff] reserved
[    0.000000] BIOS-e820: [mem 0x00000000fee00000-0x00000000fee00fff] reserved
[    0.000000] BIOS-e820: [mem 0x00000000fffc0000-0x00000000ffffffff] reserved
[    0.000000] NX (Execute Disable) protection: active
[    0.000000] SMBIOS 2.5 present.
[    0.000000] Hypervisor detected: KVM
[    0.000000] e820: last_pfn = 0x3fff0 max_arch_pfn = 0x400000000
[    0.000000] MTRR: Disabled
[    0.000000] x86/PAT: MTRRs disabled, skipping PAT initialization too.
[    0.000000] x86/PAT: Configuration [0-7]: WB  WT  UC- UC  WB  WT  UC- UC  
[    0.000000] CPU MTRRs all blank - virtualized system.
[    0.000000] found SMP MP-table at [mem 0x0009fff0-0x0009ffff] mapped at [ffff88000009fff0]
[    0.000000] Scanning 1 areas for low memory corruption
[    0.000000] RAMDISK: [mem 0x36ac2000-0x37558fff]
[    0.000000] ACPI: Early table checksum verification disabled
[    0.000000] ACPI: RSDP 0x00000000000E0000 000024 (v02 VBOX  )
[    0.000000] ACPI: XSDT 0x000000003FFF0030 00003C (v01 VBOX   VBOXXSDT 00000001 ASL  00000061)
[    0.000000] ACPI: FACP 0x000000003FFF00F0 0000F4 (v04 VBOX   VBOXFACP 00000001 ASL  00000061)
[    0.000000] ACPI: DSDT 0x000000003FFF0470 0021C8 (v02 VBOX   VBOXBIOS 00000002 INTL 20100528)
[    0.000000] ACPI: FACS 0x000000003FFF0200 000040
[    0.000000] ACPI: FACS 0x000000003FFF0200 000040
[    0.000000] ACPI: APIC 0x000000003FFF0240 00005C (v02 VBOX   VBOXAPIC 00000001 ASL  00000061)
[    0.000000] ACPI: SSDT 0x000000003FFF02A0 0001CC (v01 VBOX   VBOXCPUT 00000002 INTL 20100528)
[    0.000000] No NUMA configuration found
[    0.000000] Faking a node at [mem 0x0000000000000000-0x000000003ffeffff]
[    0.000000] NODE_DATA(0) allocated [mem 0x3ffeb000-0x3ffeffff]
[    0.000000] kvm-clock: Using msrs 4b564d01 and 4b564d00
[    0.000000] kvm-clock: cpu 0, msr 0:3ffe3001, primary cpu clock
[    0.000000] kvm-clock: using sched offset of 3290799714 cycles
[    0.000000] clocksource: kvm-clock: mask: 0xffffffffffffffff max_cycles: 0x1cd42e4dffb, max_idle_ns: 881590591483 ns
[    0.000000] Zone ranges:
[    0.000000]   DMA      [mem 0x0000000000001000-0x0000000000ffffff]
[    0.000000]   DMA32    [mem 0x0000000001000000-0x000000003ffeffff]
[    0.000000]   Normal   empty
[    0.000000]   Device   empty
[    0.000000] Movable zone start for each node
[    0.000000] Early memory node ranges
[    0.000000]   node   0: [mem 0x0000000000001000-0x000000000009efff]
[    0.000000]   node   0: [mem 0x0000000000100000-0x000000003ffeffff]
[    0.000000] Initmem setup node 0 [mem 0x0000000000001000-0x000000003ffeffff]
[    0.000000] ACPI: PM-Timer IO Port: 0x4008
[    0.000000] IOAPIC[0]: apic_id 2, version 32, address 0xfec00000, GSI 0-23
[    0.000000] ACPI: INT_SRC_OVR (bus 0 bus_irq 0 global_irq 2 dfl dfl)
[    0.000000] ACPI: INT_SRC_OVR (bus 0 bus_irq 9 global_irq 9 high level)
[    0.000000] Using ACPI (MADT) for SMP configuration information
[    0.000000] smpboot: Allowing 2 CPUs, 0 hotplug CPUs
[    0.000000] PM: Registered nosave memory: [mem 0x00000000-0x00000fff]
[    0.000000] PM: Registered nosave memory: [mem 0x0009f000-0x0009ffff]
[    0.000000] PM: Registered nosave memory: [mem 0x000a0000-0x000effff]
[    0.000000] PM: Registered nosave memory: [mem 0x000f0000-0x000fffff]
[    0.000000] e820: [mem 0x40000000-0xfebfffff] available for PCI devices
[    0.000000] Booting paravirtualized kernel on KVM
[    0.000000] clocksource: refined-jiffies: mask: 0xffffffff max_cycles: 0xffffffff, max_idle_ns: 7645519600211568 ns
[    0.000000] setup_percpu: NR_CPUS:512 nr_cpumask_bits:512 nr_cpu_ids:2 nr_node_ids:1
[    0.000000] PERCPU: Embedded 33 pages/cpu @ffff88003fc00000 s98264 r8192 d28712 u1048576
[    0.000000] PV qspinlock hash table entries: 256 (order: 0, 4096 bytes)
[    0.000000] Built 1 zonelists in Node order, mobility grouping on.  Total pages: 257913
[    0.000000] Policy zone: DMA32
[    0.000000] Kernel command line: BOOT_IMAGE=/boot/vmlinuz-4.4.0-87-generic root=LABEL=cloudimg-rootfs ro console=tty1 console=ttyS0
[    0.000000] PID hash table entries: 4096 (order: 3, 32768 bytes)
[    0.000000] Memory: 1001732K/1048120K available (8474K kernel code, 1293K rwdata, 3984K rodata, 1488K init, 1316K bss, 46388K reserved, 0K cma-reserved)
[    0.000000] SLUB: HWalign=64, Order=0-3, MinObjects=0, CPUs=2, Nodes=1
[    0.000000] Hierarchical RCU implementation.
[    0.000000] 	Build-time adjustment of leaf fanout to 64.
[    0.000000] 	RCU restricting CPUs from NR_CPUS=512 to nr_cpu_ids=2.
[    0.000000] RCU: Adjusting geometry for rcu_fanout_leaf=64, nr_cpu_ids=2
[    0.000000] NR_IRQS:33024 nr_irqs:440 16
[    0.000000] Console: colour VGA+ 80x25
[    0.000000] console [tty1] enabled
[    0.000000] console [ttyS0] enabled
[    0.000000] tsc: Detected 2194.918 MHz processor
[   11.253369] Calibrating delay loop (skipped) preset value.. 4389.83 BogoMIPS (lpj=8779672)
[   11.366140] pid_max: default: 32768 minimum: 301
[   11.432965] ACPI: Core revision 20150930
[   11.500046] ACPI: 2 ACPI AML tables successfully acquired and loaded
[   11.596639] Security Framework initialized
[   11.650154] Yama: becoming mindful.
[   11.704833] AppArmor: AppArmor initialized
[   11.768092] Dentry cache hash table entries: 131072 (order: 8, 1048576 bytes)
[   11.898695] Inode-cache hash table entries: 65536 (order: 7, 524288 bytes)
[   11.985644] Mount-cache hash table entries: 2048 (order: 2, 16384 bytes)
[   11.990852] Mountpoint-cache hash table entries: 2048 (order: 2, 16384 bytes)
[   12.112554] Initializing cgroup subsys io
[   12.193334] Initializing cgroup subsys memory
[   12.228039] Initializing cgroup subsys devices
[   12.256181] Initializing cgroup subsys freezer
[   12.284356] Initializing cgroup subsys net_cls
[   12.332360] Initializing cgroup subsys perf_event
[   12.439781] Initializing cgroup subsys net_prio
[   12.544651] Initializing cgroup subsys hugetlb
[   12.646362] Initializing cgroup subsys pids
[   12.720521] CPU: Physical Processor ID: 0
[   12.800743] CPU: Processor Core ID: 0
[   12.870536] mce: CPU supports 0 MCE banks
[   12.936094] Last level iTLB entries: 4KB 1024, 2MB 1024, 4MB 1024
[   13.039788] Last level dTLB entries: 4KB 1024, 2MB 1024, 4MB 1024, 1GB 4
[   13.082766] Freeing SMP alternatives memory: 32K (ffffffff820b9000 - ffffffff820c1000)
[   13.264019] ftrace: allocating 32128 entries in 126 pages
[   13.407502] smpboot: APIC(0) Converting physical 0 to logical package 0
[   13.533897] smpboot: Max logical packages: 1
[   13.630103] x2apic enabled
[   13.685529] Switched APIC routing to physical x2apic.
[   13.795920] ..TIMER: vector=0x30 apic1=0 pin1=2 apic2=-1 pin2=-1
[   14.008479] smpboot: CPU0: Intel(R) Core(TM) i7-4770HQ CPU @ 2.20GHz (family: 0x6, model: 0x46, stepping: 0x1)
[   14.201743] Performance Events: unsupported p6 CPU model 70 no PMU driver, software events only.
[   14.409435] KVM setup paravirtual spinlock
[   14.523416] x86: Booting SMP configuration:
[   14.630233] .... node  #0, CPUs:      #1
[   14.719003] kvm-clock: cpu 1, msr 0:3ffe3041, secondary cpu cloc
[   14.857644] mce: CPU supports 0 MCE banks
[   15.022652] x86: Booted up 1 node, 2 CPUs
[   15.120458] smpboot: Total of 2 processors activated (8779.67 BogoMIPS)
[   15.215228] devtmpfs: initialized
[   15.245660] evm: security.selinux
[   15.253113] evm: security.SMACK64
[   15.253728] evm: security.SMACK64EXEC
[   15.254380] evm: security.SMACK64TRANSMUTE
[   15.329844] evm: security.SMACK64MMAP
[   15.401081] evm: security.ima
[   15.476572] evm: security.capability
[   15.531093] clocksource: jiffies: mask: 0xffffffff max_cycles: 0xffffffff, max_idle_ns: 7645041785100000 ns
[   15.761999] futex hash table entries: 512 (order: 3, 32768 bytes)
[   15.922399] pinctrl core: initialized pinctrl subsystem
[   16.063405] RTC time:  7:12:06, date: 07/27/17
[   16.154923] NET: Registered protocol family 16
[   16.273663] cpuidle: using governor ladder
[   16.324872] cpuidle: using governor menu
[   16.359340] PCCT header not found.
[   16.397367] ACPI: bus type PCI registered
[   16.485594] acpiphp: ACPI Hot Plug PCI Controller Driver version: 0.5
[   16.651769] PCI: Using configuration type 1 for base access
[   16.795395] ACPI: Added _OSI(Module Device)
[   16.893129] ACPI: Added _OSI(Processor Device)
[   17.016685] ACPI: Added _OSI(3.0 _SCP Extensions)
[   17.137947] ACPI: Added _OSI(Processor Aggregator Device)
[   17.273748] ACPI: Executed 1 blocks of module-level executable AML code
[   17.396636] ACPI: Interpreter enabled
[   17.422818] ACPI: (supports S0 S5)
[   17.457755] ACPI: Using IOAPIC for interrupt routing
[   17.599299] PCI: Using host bridge windows from ACPI; if necessary, use "pci=nocrs" and report a bug
[   17.810484] ACPI: PCI Root Bridge [PCI0] (domain 0000 [bus 00-ff])
[   17.977732] acpi PNP0A03:00: _OSC: OS supports [ASPM ClockPM Segments MSI]
[   18.159133] acpi PNP0A03:00: _OSC failed (AE_NOT_FOUND); disabling ASPM
[   18.340400] acpi PNP0A03:00: fail to add MMCONFIG information, can't access extended PCI configuration space under this bridge.
[   18.512083] PCI host bridge to bus 0000:00
[   18.574810] pci_bus 0000:00: root bus resource [io  0x0000-0x0cf7 window]
[   18.764495] pci_bus 0000:00: root bus resource [io  0x0d00-0xffff window]
[   18.964531] pci_bus 0000:00: root bus resource [mem 0x000a0000-0x000bffff window]
[   19.132402] pci_bus 0000:00: root bus resource [mem 0x40000000-0xffdfffff window]
[   19.347880] pci_bus 0000:00: root bus resource [bus 00-ff]
[   19.479794] pci 0000:00:01.1: legacy IDE quirk: reg 0x10: [io  0x01f0-0x01f7]
[   19.577541] pci 0000:00:01.1: legacy IDE quirk: reg 0x14: [io  0x03f6]
[   19.590508] pci 0000:00:01.1: legacy IDE quirk: reg 0x18: [io  0x0170-0x0177]
[   19.592659] pci 0000:00:01.1: legacy IDE quirk: reg 0x1c: [io  0x0376]
[   19.605597] pci 0000:00:07.0: quirk: [io  0x4000-0x403f] claimed by PIIX4 ACPI
[   19.791451] pci 0000:00:07.0: quirk: [io  0x4100-0x410f] claimed by PIIX4 SMB
[   19.993425] ACPI: PCI Interrupt Link [LNKA] (IRQs 5 9 10 *11)
[   20.131498] ACPI: PCI Interrupt Link [LNKB] (IRQs 5 9 10 *11)
[   20.267604] ACPI: PCI Interrupt Link [LNKC] (IRQs 5 9 *10 11)
[   20.409217] ACPI: PCI Interrupt Link [LNKD] (IRQs 5 *9 10 11)
[   20.528109] ACPI: Enabled 2 GPEs in block 00 to 07
[   20.629943] vgaarb: setting as boot device: PCI:0000:00:02.0
[   20.668733] vgaarb: device added: PCI:0000:00:02.0,decodes=io+mem,owns=io+mem,locks=none
[   20.670247] vgaarb: loaded
[   20.670792] vgaarb: bridge control possible 0000:00:02.0
[   20.764940] SCSI subsystem initialized
[   20.858522] ACPI: bus type USB registered
[   20.958431] usbcore: registered new interface driver usbfs
[   21.090075] usbcore: registered new interface driver hub
[   21.224730] usbcore: registered new device driver usb
[   21.358479] PCI: Using ACPI for IRQ routing
[   21.486375] NetLabel: Initializing
[   21.586428] NetLabel:  domain hash size = 128
[   21.705431] NetLabel:  protocols = UNLABELED CIPSOv4
[   21.746699] NetLabel:  unlabeled traffic allowed by default
[   21.845174] amd_nb: Cannot enumerate AMD northbridges
[   21.974719] clocksource: Switched to clocksource kvm-clock
[   22.122022] AppArmor: AppArmor Filesystem Enabled
[   22.264591] pnp: PnP ACPI init
[   22.351279] pnp: PnP ACPI: found 3 devices
[   22.489617] clocksource: acpi_pm: mask: 0xffffff max_cycles: 0xffffff, max_idle_ns: 2085701024 ns
[   22.755324] NET: Registered protocol family 2
[   22.823413] TCP established hash table entries: 8192 (order: 4, 65536 bytes)
[   23.014003] TCP bind hash table entries: 8192 (order: 5, 131072 bytes)
[   23.208745] TCP: Hash tables configured (established 8192 bind 8192)
[   23.399656] UDP hash table entries: 512 (order: 2, 16384 bytes)
[   23.572926] UDP-Lite hash table entries: 512 (order: 2, 16384 bytes)
[   23.747263] NET: Registered protocol family 1
[   23.863857] pci 0000:00:00.0: Limiting direct PCI/PCI transfers
[   23.977765] pci 0000:00:01.0: Activating ISA DMA hang workarounds
[   24.153440] Unpacking initramfs...
[   25.792819] Freeing initrd memory: 10844K (ffff880036ac2000 - ffff880037559000)
[   26.011201] platform rtc_cmos: registered platform RTC device (no PNP device found)
[   26.183497] Scanning for low memory corruption every 60 seconds
[   26.359189] audit: initializing netlink sbbsys (disabled)
[   26.530625] audit: type=2000 audit(1501139521.038:1): initialized
[   26.874543] Initialise system trusted keyring
[   27.131523] HugeTLB registered 2 MB page size, pre-allocated 0 pages
[   27.135115] tsc: Refined TSC clocksource calibration: 2195.552 MHz
[   27.135117] clocksource: tsc: mask: 0xffffffffffffffff max_cycles: 0x1fa5c8eb37e, max_idle_ns: 440795233657 ns
[   27.424938] zbud: loaded
[   27.441157] VFS: Disk quotas dquot_6.6.0
[   27.466540] VFS: Dquot-cache hash table entries: 512 (order 0, 4096 bytes)
[   27.683820] squashfs: version 4.0 (2009/01/31) Phillip Lougher
[   27.985907] fuse init (API version 7.23)
[   28.219818] Key type big_key registered
[   28.240436] Allocating IMA MOK and blacklist keyrings.
[   28.258425] Key type asymmetric registered
[   28.310453] Asymmetric key parser 'x509' registered
[   28.519573] Block layer SCSI generic (bsg) driver version 0.4 loaded (major 249)
[   28.870642] io scheduler noop registered
[   29.060835] io scheduler deadliee registered (default)
[   29.307300] io scheduler cfq registered
[   29.328023] pci_hotplug: PCI Hot Plug PCI Core version: 0.5
[   29.352049] pciehp: PCI Express Hot Plug Controller Driver version: 0.4
[   29.353333] ACPI: AC Adapter [AC] (off-line)
[   29.354115] input: Power Button as /devices/LNXSYSTM:00/LNXPWRBN:00/input/input0
[   29.594407] ACPI: Power Button [PWRF]
[   29.760673] input: Sleep Button as /devices/LNXSYSTM:00/LNXSLPBN:00/input/input1
[   30.250382] ACPI: Sleep Button [SLPF]
[   30.403495] GHES: HEST is not enabled!
[   30.422097] ACPI: Battery Slot [BAT0] (battery present)
[   30.470301] Serial: 8250/16550 driver, 32 ports, IRQ shariggeenabled
ÿ[   30.801879] 00:02: ttyS0 at I/O 0x3f8 (irq = 4, base_baud = 115200) is a 16550A
[   31.261728] Linux agpgart interface v0.103
[   31.487550] loop: module loaded
[   31.506102] scsi host0: ata_piix
[   31.514382] scsi host1: ata_piix
[   31.549722] ata1: PATA max UDMA/33 cmd 0x1f0 ctl 0x3f6 bmdma 0xd000 irq 14
[   31.969938] ata2: PATA max UDMA/33 cmd 0x170 ctl 0x376 bmdma 0xd008 irq 15
[   32.381139] libphy: Fixed MDIO Bus: probed
[   32.509366] tun: Universal TUN/TAP device driver, 1.6
[   32.581876] tun: (C) 1999-2004 Max Krasnyansky <maxk@qualcomm.com>
[   32.604863] PPP generic driver version 2.4.2
[   32.659364] ehci_hcd: USB 2.0 'Enhanced' Host Controller (EHCI) Driver
[   32.791072] ehci-pci: EHCI PCI platform driver
[   33.063973] ehci-platform: EHCI generic platform driver
[   33.320183] ohci_hcd: USB 1.1 'Open' Host Controller (OHCI) Driver
[   33.647048] ohci-pci: OHCI PCI platform driver
[   33.677632] ohci-platform: OHCI generic platform drvver
[   33.771043] uhci_hcd: USB Universal Host Controller Interface driver
[   34.040734] i8022: PNP: PS/2 Controller [PNP0303:PS2K,PNP0f03:PS2M] at 0x60,0x64 irq 1,12
[   34.321661] serio: i8042 KBD port at 0x00,0x64 irq 1
[   34.470817] serio: i8042 AUX port at 0x60,0x64 irq 12
[   34.700872] mousedev: PS/2 mouse device common for all mice
[   34.759835] input: AT Translated Set 2 keyboard as /devices/platform/i8042/serio0/input/input2
[   34.971460] rtc_cmos rtc_cmos: rtc core: registered rtc_cmos as rtc0
[   35.145569] rtc_cmos rtc_cmos: alarms up to one day, 114 bytes nvram
[   35.337226] i2c /dev entries driver
[   35.434503] device-mapper: uevent: version 1.0.3
[   35.566191] device-mapper: ioctl: 4.34.0-ioctl (2015-10-28) initillised: dm-devel@redhat.com
[   35.803752] ledtrig-cpu: registered to indicate activity on CPUs
[   35.847945] NET: Registered protocol family 10
[   35.859911] NET: Registered protocol family 17
[   35.864009] Key type dns_resolver registered
[   35.864905] microcode: CPU0 sig=0x40661, pf=0x40, revision=0x0
[   36.020176] microcode: CPU1 sig=0x40661, pf=0440, revision=0x0
[   36.321033] microcode: Microcode Update Driver: v2.01 <tigran@aivazian.fsnet.co.uk>, Peter Oruba
[   36.761436] registered taskstats version 1
[   36.907668] Loading compiled-in X.509 certificates
[   36.924141] Loaded X.509 cert 'Build time autogenerated kernel key: 713bc24ccc5bf0d11d706d6f5bf7187ed23f7b25'
[   36.949763] zswap: loaded using pool lzo/zbud
[   37.102215] Key type trusted registered
[   37.443654] Key type encrppted registered
[   37.680892] AppArmor: AppArmor sha1 policy hashing enabled
[   37.939336] ima: No TPM chip found, activating TPM-bypass!
[   38.009765] evm: HMAC attrs: 0x1
[   38.019006]   Magic number: 9:942:218
[   38.029574] rtc_cmos rtc_cmos: setting system clock to 2017-07-27 07:12:28 UTC (1501139548)
[   38.440552] BIOS EDD facility v0.16 2004-Jun-25, 0 devices found
[   38.748892  EDD information not available.
[   39.032167] Freeing unused kernel memory: 1488K (ffffffff81f45000 - ffffffff820b9000)
[   39.103663] Write protecting the kernel read-only data: 14336k
[   39.381371] Freeing unused kernel memory: 1756K (ffff880001849000 - ffff880001a00000)
[   39.871134] Freeing unused kernel memory: 112K (ffff880001de4000 - ffff880001e00000)
Loading, please wait...
starting version[   40.186937] random: systemd-udevd: uninitialized urandom read (16 bytes read, 5 bits of entropy available)
 229
[   40.187788] random: udevadm: uninitialized urandom read (16 bytes read, 5 bits of entropy available)
[   40.187834] random: udevadm: uninitialized urandom read (16 bytes read, 5 bits of entropy available)
[   40.187983] random: udevadm: uninitialized urandom read (16 bytes read, 5 bits of entropy available)
[   40.188063] random: udevadm: uninitialized urandom read (16 bytes read, 5 bits of entropy available)
[   40.188123] random: udevadm: uninitialized urandom read (16 bytes read, 5 bits of entropy available)
[   40.188212] random: udevadm: uninitialized urandom read (16 bytes read, 5 bits of entropy available)
[   40.188342] random: udevadm: uninitialized urandom read (16 bytes read, 5 bits of entropy available)
[   40.188411] random: udevadm: uninitialized urandom read (16 bytes read, 5 bits of entropy available)
[   40.188487] random: udevadm: uninitialized urandom read (16 bytes read, 5 bits of entropy available)
[   42.696740] e1000: Intel(R) PRO/1000 Network Driver - version 7.3.21-k8-NAPI
[   42.943037] e1000: Copyright (c) 1999-2006 Intel Corporation.
[   43.143484] Fusion MPT base driver 3.04.20
[   43.322055] Copyright (c) 1999-2008 LSI Corporation
[   43.454206] AVX version of gcm_enc/dec engaged.
[   43.571033] AES CTR mode by8 optimization enabled
[   43.732927] input: ImExPS/2 Generic Explorer Mouse as /devices/platform/i8042/serio1/input/input4
[   43.991816] Fusion MPT SPI Host driver 3.04.20
[   44.323319] e1000 0000:00:03.0 eth0: (PCI:33MHz:32-bit) 02:df:35:49:a7:44
[   44.505885] e1000 0000:00:03.0 eth0: Intel(R) PRO/1000 Network Connection
[   44.580180] e1000 0000:00:03.0 enp0s3: renamed from eth0
[   44.883107] mptbase: ioc0: Initiating bringup
[   45.074929] ioc0: LSI53C1030 A0: Capabilities={Initiator}
[   45.401720] scsi host2: ioc0: LSI53C1030 A0, FwRev=00000000h, Ports=1, MaxQ=256, IRQ=20
[   45.737043] scsi 2:0:0:0: Direct-Access     VBOX     HARDDISK         1.0  PQ: 0 ANSI: 5
[   45.983527] scsi target2:0:0: Beginning Domain Validation
[   46.114033] scsi target2:0:0: Domain Validation skipping write tests
[   46.301616] scsi target2:0:0: Ending Domain Validation
[   46.448884] scsi target2:0:0: asynchronous
[   46.573614] scsi 2:0:1:0: Direct-Access     VBOX     HARDDISK         1.0  PQ: 0 ANSI: 5
[   46.710041] scsi target2:0:1: Beginning Domain Validation
[   46.858467] floppy0: no floppy controllers found
[   47.001101] scsi target2:0:1: Domain Validation skipping write tests
[   47.167827] scsi target2:0:1: Ending Domain Validation
[   47.311953] scsi target2:0:1: asynchronous
[   47.429113] sd 2:0:0:0: [sda] 20971520 512-byte logical blocks: (10.7 GB/10.0 GiB)
[   47.613409] sd 2:0:0:0: Attached scsi generic sg0 type 0
[   47.743599] sd 2:0:0:0: [sda] Write Protect is off
[   47.792681] sd 2:0:1:0: Attached scsi generic sg1 type 0
[   47.792690] sd 2:0:1:0: [sdb] 20480 512-byte logical blocks: (10.5 MB/10.0 MiB)
[   48.095150] sd 2:0:0:0: [sda] Incomplete mode parameter data
[   48.483109] sd 2:0:0:0: [sda] Assuming drive cache: write through
[   48.488196] sd 2:0:1:0: [sdb] Write Protect is off
[   48.488427] sd 2:0:1:0: [sdb] Incomplete mode parameter data
[   48.488428] sd 2:0:1:0: [sdb] Assuming drive cache: write through
[   48.491908] sd 2:0:1:0: [sdb] Attached SCSI disk
[   49.414314]  sda: sda1
[   49.482542] sd 2:0:0:0: [sda] Attached SCSI disk
Begin: Loading e[   50.909835] md: linear personality registered for level -1
ssential drivers[   51.045254] md: multipath personality registered for level -4
 ... [   51.244461] md: raid0 personality registered for level 0
[   51.573387] md: raid1 personality registered for level 1
[   51.783282] raid6: sse2x1   gen()  9817 MB/s
[   51.974927] raid6: sse2x1   xor()  7569 MB/s
[   52.155116] raid6: sse2x2   gen() 11013 MB/s
[   52.307257] raid6: sse2x2   xor()  8899 MB/s
[   52.490860] raid6: sse2x4   gen() 15099 MB/s
[   52.686973] raid6: sse2x4   xor()  9977 MB/s
[   52.810209] raid6: using algorithm sse2x4 gen() 15099 MB/s
[   52.969379] raid6: .... xor() 9977 MB/s, rmw enabled
[   53.106235] raid6: using ssse3x2 recovery algorithm
[   53.194316] xor: automatically using best checksumming function:
[   53.269589]    avx       : 50422.000 MB/sec
[   53.592308] async_tx: api initialized (async)
[   53.704173] md: raid6 personality registered for level 6
[   53.860366] md: raid5 personality registered for level 5
[   54.006532] md: raid4 personality registered for level 4
[   54.155041] md: raid10 personality registered for level 10
done.
Begin: Running /scripts/init-premount ... done[   54.298489] Btrfs loaded
.
Begin: Mounting root file system ... Begin: Running /scripts/local-top ... done.
Begin: Running /scripts/local-premount ... Scanning for Btrfs filesystems
done.
Warning: fsck not present, so sk[   54.385823] EXT4-fs (sda1): INFO: recovery required on readonly filesystem
ipping root file[   54.604604] EXT4-fs (sda1): write access will be enabled during recovery
 system
[   54.986989] EXT4-fs (sda1): recovery complete
[   55.113629] EXT4-fs (sda1): mounted filesystem with ordered data mode. Opts: (null)
done.
Begin: Running /scripts/local-bottom ... done.
Begin: Running /scripts/init-bottom ... done.
[   55.442297] systemd[1]: systemd 229 running in system mode. (+PAM +AUDIT +SELINUX +IMA +APPARMOR +SMACK +SYSVINIT +UTMP +LIBCRYPTSETUP +GCRYPT +GNUTLS +ACL +XZ -LZ4 +SECCOMP +BLKID +ELFUTILS +KMOD -IDN)
[   55.941111] systemd[1]: Detected virtualization oracle.
[   56.088969] systemd[1]: Detected architecture x86-64.

Welcome to [1mUbuntu 16.04.2 LTS[0m!

[   56.271977] random: nonblocking pool is initialized
[   56.410757] systemd[1]: Set hostname to <ubuntu-xenial>.
[   56.589629] systemd[1]: Listening on Journal Audit Socket.
[[0;32m  OK  [0m] Listening on Journal Audit Socket.
[   56.623704] systemd[1]: Set up automount Arbitrary Executable File Formats File System Automount Point.
[[0;32m  OK  [0m] Set up automount Arbitrary Executab...ats File System Automount Point.
[   56.983932] systemd[1]: Created slice System Slice.
[[0;32m  OK  [0m] Created slice System Slice.
[   57.163241] systemd[1]: Reached target Encrypted Volumes.
[[0;32m  OK  [0m] Reached target Encrypted Volumes.
[   57.347525] systemd[1]: Listening on Device-mapper event daemon FIFOs.
[[0;32m  OK  [0m] Listening on Device-mapper event daemon FIFOs.
[   57.548842] systemd[1]: Listening on LVM2 metadata daemon socket.
[[0;32m  OK  [0m] Listening on LVM2 metadata daemon socket.
[   57.559286] systemd[1]: Created slice system-serial\x2dgetty.slice.
[[0;32m  OK  [0m] Created slice system-serial\x2dgetty.slice.
[   57.715285] systemd[1]: Created slice User and Session Slice.
[[0;32m  OK  [0m] Created slice User and Session Slice.
[   57.879102] systemd[1]: Reached target Swap.
[[0;32m  OK  [0m] Reached target Swap.
[   58.047627] systemd[1]: Started Forward Password Requests to Wall Directory Watch.
[[0;32m  OK  [0m] Started Forward Password Requests to Wall Directory Watch.
[   58.331256] systemd[1]: Reached target Slices.
[[0;32m  OK  [0m] Reached target Slices.
[   58.503484] systemd[1]: Listening on Journal Socket.
[[0;32m  OK  [0m] Listening on Journal Socket.
[   58.647130] systemd[1]: Mounting Huge Pages File System...
         Mounting Huge Pages File System...
[   58.843271] systemd[1]: Starting Load Kernel Modules...
         [   58.998363] Loading iSCSI transport class v2.0-870.
Starting Load Ke[   59.267508] iscsi: registered transport (tcp)
rnel Modules...
[   59.506174] iscsi: registered transport (iser)
[   59.643171] systemd[1]: Starting Nameserver information manager...
         Starting Nameserver information manager...
[   59.743237] systemd[1]: Starting Set console keymap...
         Starting Set console keymap...
[   59.921032] systemd[1]: Started Trigger resolvconf update for networkd DNS.
[[0;32m  OK  [0m] Started Trigger resolvconf update for networkd DNS.
[   60.187629] systemd[1]: Listening on Syslog Socket.
[[0;32m  OK  [0m] Listening on Syslog Socket.
[   60.379085] systemd[1]: Listening on udev Control Socket.
[[0;32m  OK  [0m] Listening on udev Control Socket.
[   60.599508] systemd[1]: Listening on Journal Socket (/dev/log).
[[0;32m  OK  [0m] Listening on Journal Socket (/dev/log).
[   60.815502] systemd[1]: Starting Journal Service...
         Starting Journal Service...
[   60.975623] systemd[1]: Listening on udev Kernel Socket.
[[0;32m  OK  [0m] Listening on udev Kernel Socket.
[   61.191171] systemd[1]: Starting Monitoring of LVM2 mirrors, snapshots etc. using dmeventd or progress polling...
         Starting Monitoring of LVM2 mirrors... dmeventd or progress polling...
[   61.555376] systemd[1]: Starting Remount Root and Kernel File Systems...
         [   61.736120] EXT4-fs (sda1): re-mounted. Opts: (null)
Starting Remount Root and Kernel File Systems...
[   61.887187] systemd[1]: Starting Create list of required static device nodes for the current kernel...
         Starting Create list of required st... nodes for the current kernel...
[   62.215541] systemd[1]: Listening on /dev/initctl Compatibility Named Pipe.
[[0;32m  OK  [0m] Listening on /dev/initctl Compatibility Named Pipe.
[   62.475737] systemd[1]: Listening on LVM2 poll daemon socket.
[[0;32m  OK  [0m] Listening on LVM2 poll daemon socket.
[   62.731555] systemd[1]: Mounting POSIX Message Queue File System...
         Mounting POSIX Message Queue File System...
[   62.950941] systemd[1]: Mounting Debug File System...
         Mounting Debug File System...
[   63.107336] systemd[1]: Reached target User and Group Name Lookups.
[[0;32m  OK  [0m] Reached target User and Group Name Lookups.
[   63.363046] systemd[1]: Starting Uncomplicated firewall...
         Starting Uncomplicated firewall...
[   63.557413] systemd[1]: Mounted Huge Pages File System.
[[0;32m  OK  [0m] Mounted Huge Pages File System.
[   63.750986] systemd[1]: Mounted Debug File System.
[[0;32m  OK  [0m] Mounted Debug File System.
[   63.759414] systemd[1]: Mounted POSIX Message Queue File System.
[[0;32m  OK  [0m] Mounted POSIX Message Queue File System.
[   63.779602] systemd[1]: Started Journal Service.
[[0;32m  OK  [0m] Started Journal Service.
[[0;32m  OK  [0m] Started Load Kernel Modules.
[[0;32m  OK  [0m] Started Set console keymap.
[[0;32m  OK  [0m] Started Remount Root and Kernel File Systems.
[[0;32m  OK  [0m] Started Create list of required sta...ce nodes for the current kernel.
[[0;32m  OK  [0m] Started Uncomplicated firewall.
[[0;32m  OK  [0m] Started Nameserver information manager.
[[0;32m  OK  [0m] Started LVM2 metadata daemon.
         Starting Create Static Device Nodes in /dev...
         Starting Load/Save Random Seed...
         Starting udev Coldplug all Devices...
         Starting Initial cloud-init job (pre-networking)...
         Mounting FUSE Control File System...
         Starting Apply Kernel Variables...
         Starting Flush Journal to Persistent Storage...
[[0;32m  OK  [0m] Mounted FUSE Control File System.
[[0;32m  OK  [0m] Started Create Static Device Nodes in /dev.
[[0;32m  OK  [0m] Started Load/Save Random Seed.
[[0;32m  OK  [0m] Started Monitoring of LVM2 mirrors,...ng dmeventd or progress polling.
[[0;32m  OK  [0m] Started Apply Kernel Variables.
[[0;32m  OK  [0m] Started udev Coldplug all Devices.
[[0;32m  OK  [0m] Started Flush Journal to Persistent Storage.
         Starting udev Kernel Device Manager...
[[0;32m  OK  [0m] Started udev Kernel Device Manager.
[[0;32m  OK  [0m] Reached target Local File Systems (Pre).
[[0;32m  OK  [0m] Reached target Local File Systems.
         Starting LSB: AppArmor initialization...
         Starting Tell Plymouth To Write Out Runtime Data...
         Starting Set console font and keymap...
         Starting Create Volatile Files and Directories...
[[0;32m  OK  [0m] Started Dispatch Password Requests to Console Directory Watch.
[[0;32m  OK  [0m] Started Tell Plymouth To Write Out Runtime Data.
[   44.343198] cloud-init[446]: Cloud-init v. 0.7.9 running 'init-local' at Thu, 27 Jul 2017 07:12:55 +0000. Up 44.06 seconds.
[[0;32m  OK  [0m] Started Create Volatile Files and Directories.
[[0;32m  OK  [0m] Started Set console font and keymap.
[[0;32m  OK  [0m] Started Initial cloud-init job (pre-networking).
[[0;32m  OK  [0m] Found device /dev/ttyS0.
[[0;32m  OK  [0m] Listening on Load/Save RF Kill Switch Status /dev/rfkill Watch.
[[0;32m  OK  [0m] Reached target Network (Pre).
[[0;32m  OK  [0m] Created slice system-getty.slice.
         Starting Update UTMP about System Boot/Shutdown...
[[0;32m  OK  [0m] Reached target System Time Synchronized.
[[0;32m  OK  [0m] Started LSB: AppArmor initialization.
[[0;32m  OK  [0m] Started ifup for enp0s3.
         Starting Raise network interfaces...
[[0;32m  OK  [0m] Started Update UTMP about System Boot/Shutdown.
[[0;32m  OK  [0m] Started Raise network interfaces.
[[0;32m  OK  [0m] Reached target Network.
         Starting Initial cloud-init job (metadata service crawler)...
[   47.789229] cloud-init[960]: Cloud-init v. 0.7.9 running 'init' at Thu, 27 Jul 2017 07:12:59 +0000. Up 47.57 seconds.
[[0;32m  OK  [0m] Started Initial cloud-init job (metadata service crawler).
[[0;32m  OK  [0m] Reached target Cloud-config availability.
[[0;32m  OK  [0m] Reached target Network is Online.
[   47.894367] cloud-init[960]: ci-info: +++++++++++++++++++++++++++++++++++++Net device info++++++++++++++++++++++++++++++++++++++
[   48.164340] cloud-init[960]: ci-info: +--------+------+----------------------------+---------------+-------+-------------------+
[   48.276574] cloud-init[960]: ci-info: | Device |  Up  |          Address           |      Mask     | Scope |     Hw-Address    |
         Starting iSCSI initiator daemon (iscsid)...
[[0;32m  OK  [0m] Reached target System Initialization.
[   48.379605] cloud-init[960]: ci-info: +--------+------+----------------------------+---------------+-------+-------------------+
[   48.568511] cloud-init[960]: ci-info: | enp0s3 | True |         10.0.2.15          | 255.255.255.0 |   .   | 02:df:35:49:a7:44 |
[   48.648296] cloud-init[960]: ci-info: | enp0s3 | True | fe80::df:35ff:fe49:a744/64 |       .       |  link | 02:df:35:49:a7:44 |
[   48.760626] cloud-init[960]: ci-info: |   lo   | True |         127.0.0.1          |   255.0.0.0   |   .   |         .         |
[   48.856609] cloud-init[960]: ci-info: |   lo   | True |          ::1/128           |       .       |  host |         .         |
[[0;32m  OK  [0m] Started Daily apt activities.
[   48.959223] cloud-init[960]: ci-info: +--------+------+----------------------------+---------------+-------+-------------------+
[   49.100762] cloud-init[960]: ci-info: +++++++++++++++++++++++++++Route IPv4 info++++++++++++++++++++++++++++
[   49.181709] cloud-init[960]: ci-info: +-------+-------------+----------+---------------+-----------+-------+
[   49.269120] cloud-init[960]: ci-info: | Route | Destination | Gateway  |    Genmask    | Interface | Flags |
[[0;32m  OK  [0m] Started ACPI Events Check.
[[0;32m  OK  [0m] Reached target Paths.
[   49.358634] cloud-init[960]: ci-info: +-------+-------------+----------+---------------+-----------+-------+
[   49.530210] cloud-init[960]: ci-info: |   0   |   0.0.0.0   | 10.0.2.2 |    0.0.0.0    |   enp0s3  |   UG  |
[   49.616645] cloud-init[960]: ci-info: |   1   |   10.0.2.0  | 0.0.0.0  | 255.255.255.0 |   enp0s3  |   U   |
[   49.692975] cloud-init[960]: ci-info: +-------+-------------+----------+---------------+-----------+-------+
         Starting LXD - unix socket.
[[0;32m  OK  [0m] Listening on D-Bus System Message Bus Socket.
[[0;32m  OK  [0m] Started Daily Cleanup of Temporary Directories.
[[0;32m  OK  [0m] Listening on UUID daemon activation socket.
[[0;32m  OK  [0m] Listening on ACPID Listen Socket.
         Starting Socket activation for snappy daemon.
[[0;32m  OK  [0m] Started Timer to automatically refresh installed snaps.
[[0;32m  OK  [0m] Reached target Timers.
[[0;32m  OK  [0m] Listening on LXD - unix socket.
[[0;32m  OK  [0m] Listening on Socket activation for snappy daemon.
[[0;32m  OK  [0m] Started iSCSI initiator daemon (iscsid).
         Starting Login to default iSCSI targets...
[[0;32m  OK  [0m] Reached target Sockets.
[[0;32m  OK  [0m] Reached target Basic System.
         Starting OpenBSD Secure Shell server...
         Starting /etc/rc.local Compatibility...
         Starting LSB: Record successful boot for GRUB...
         Starting Login Service...
         Starting LXD - container startup/shutdown...
[[0;32m  OK  [0m] Started D-Bus System Message Bus.
[[0;32m  OK  [0m] Started Snappy daemon.
[[0;32m  OK  [0m] Started Deferred execution scheduler.
[[0;32m  OK  [0m] Started High-performance, schema-free document-oriented database.
         Starting Auto import assertions from block devices...
[[0;32m  OK  [0m] Started FUSE filesystem for LXC.
         Starting LSB: MD monitoring daemon...
         Starting Accounts Service...
[[0;32m  OK  [0m] Started Unattended Upgrades Shutdown.
         Starting System Logging Service...
[[0;32m  OK  [0m] Started ACPI event daemon.
         Starting Apply the settings specified in cloud-config...
[[0;32m  OK  [0m] Started Regular background program processing daemon.
[[0;32m  OK  [0m] Started OpenBSD Secure Shell server.
[[0;32m  OK  [0m] Started System Logging Service.
[[0;32m  OK  [0m] Started /etc/rc.local Compatibility.
[[0;32m  OK  [0m] Started LXD - container startup/shutdown.
[[0;32m  OK  [0m] Started Auto import assertions from block devices.
[[0;32m  OK  [0m] Started Apply the settings specified in cloud-config.
[   51.094297] cloud-init[1081]: Cloud-init v. 0.7.9 running 'modules:config' at Thu, 27 Jul 2017 07:13:02 +0000. Up 51.02 seconds.
[[0;32m  OK  [0m] Started Login to default iSCSI targets.
[[0;32m  OK  [0m] Started LSB: Record successful boot for GRUB.
[[0;32m  OK  [0m] Started LSB: MD monitoring daemon.
[[0;32m  OK  [0m] Started Login Service.
         Starting Authenticate and Authorize Users to Run Privileged Tasks...
[[0;32m  OK  [0m] Reached target Remote File Systems (Pre).
[[0;32m  OK  [0m] Reached target Remote File Systems.
         Starting LSB: daemon to balance interrupts for SMP systems...
         Starting Permit User Sessions...
         Starting LSB: Set the CPU Frequency Scaling governor to "ondemand"...
         Starting LSB: automatic crash report generation...
         Starting LSB: VirtualBox Linux Additions...
[[0;32m  OK  [0m] Started Permit User Sessions.
[[0;32m  OK  [0m] Started Authenticate and Authorize Users to Run Privileged Tasks.
[[0;32m  OK  [0m] Started Accounts Service.
[[0;32m  OK  [0m] Started LSB: Set the CPU Frequency Scaling governor to "ondemand".
[[0;32m  OK  [0m] Started LSB: daemon to balance interrupts for SMP systems.
[[0;32m  OK  [0m] Started LSB: automatic crash report generation.
[[0;32m  OK  [0m] Started LSB: VirtualBox Linux Additions.
[[0;32m  OK  [0m] Created slice User Slice of ubuntu.
[[0;32m  OK  [0m] Started Session 1 of user ubuntu.
         Starting User Manager for UID 1000...
         Starting Hold until boot process finishes up...
         Starting Terminate Plymouth Boot Screen...
[[0;32m  OK  [0m] Started User Manager for UID 1000.
[[0;32m  OK  [0m] Started Hold until boot process finishes up.
[[0;32m  OK  [0m] Started Terminate Plymouth Boot Screen.
[[0;32m  OK  [0m] Started Serial Getty on ttyS0.
         Starting Set console scheme...
[[0;32m  OK  [0m] Started Getty on tty1.
[[0;32m  OK  [0m] Reached target Login Prompts.
[[0;32m  OK  [0m] Reached target Multi-User System.
[[0;32m  OK  [0m] Reached target Graphical Interface.
         Starting Execute cloud user/final scripts...
         Starting Update UTMP about System Runlevel Changes...
[[0;32m  OK  [0m] Started Set console scheme.
[[0;32m  OK  [0m] Started Update UTMP about System Runlevel Changes.
[   53.318747] cloud-init[1222]: Cloud-init v. 0.7.9 running 'modules:final' at Thu, 27 Jul 2017 07:13:04 +0000. Up 53.22 seconds.
[   53.377709] cloud-init[1222]: Cloud-init v. 0.7.9 finished at Thu, 27 Jul 2017 07:13:04 +0000. Datasource DataSourceNoCloud [seed=/dev/sdb][dsmode=net].  Up 53.31 seconds
[[0;32m  OK  [0m] Started Execute cloud user/final scripts.
[[0;32m  OK  [0m] Reached target Cloud-init target.

Ubuntu 16.04.2 LTS ubuntu-xenial ttyS0

ubuntu-xenial login: 